$ /usr/bin/curl -v --max-time 12 -x http://127.0.0.1:8080 -o /dev/null -w \nHTTP_CODE=%{http_code}\nTIME=%{time_total}\n https://mail.google.com/

* Uses proxy env variable NO_PROXY == 'localhost,127.0.0.1,::1'
  % Total    % Received % Xferd  Average Speed   Time    Time     Time  Current
                                 Dload  Upload   Total   Spent    Left  Speed
  0     0    0     0    0     0      0      0 --:--:-- --:--:-- --:--:--     0*   Trying 127.0.0.1:8080...
* Connected to 127.0.0.1 (127.0.0.1) port 8080
* CONNECT tunnel: HTTP/1.1 negotiated
* allocate connect buffer
* Establish HTTP proxy tunnel to mail.google.com:443
> CONNECT mail.google.com:443 HTTP/1.1
> Host: mail.google.com:443
> User-Agent: curl/8.7.1
> Proxy-Connection: Keep-Alive
> 
  0     0    0     0    0     0      0      0 --:--:-- --:--:-- --:--:--     0< HTTP/1.1 200 Connection established
< 
* CONNECT phase completed
* CONNECT tunnel established, response 200
* ALPN: curl offers h2,http/1.1
* (304) (OUT), TLS handshake, Client hello (1):
} [320 bytes data]
*  CAfile: /Users/apple/.config/warden/warden-ca-bundle.pem
*  CApath: none
  0     0    0     0    0     0      0      0 --:--:--  0:00:01 --:--:--     0  0     0    0     0    0     0      0      0 --:--:--  0:00:02 --:--:--     0  0     0    0     0    0     0      0      0 --:--:--  0:00:03 --:--:--     0  0     0    0     0    0     0      0      0 --:--:--  0:00:04 --:--:--     0  0     0    0     0    0     0      0      0 --:--:--  0:00:05 --:--:--     0  0     0    0     0    0     0      0      0 --:--:--  0:00:06 --:--:--     0  0     0    0     0    0     0      0      0 --:--:--  0:00:07 --:--:--     0  0     0    0     0    0     0      0      0 --:--:--  0:00:08 --:--:--     0  0     0    0     0    0     0      0      0 --:--:--  0:00:09 --:--:--     0  0     0    0     0    0     0      0      0 --:--:--  0:00:10 --:--:--     0  0     0    0     0    0     0      0      0 --:--:--  0:00:11 --:--:--     0* Connection timed out after 12003 milliseconds
  0     0    0     0    0     0      0      0 --:--:--  0:00:12 --:--:--     0
* Closing connection
curl: (28) Connection timed out after 12003 milliseconds

HTTP_CODE=000
TIME=12.003471

[exit=28]
