  % Total    % Received % Xferd  Average Speed   Time    Time     Time  Current
                                 Dload  Upload   Total   Spent    Left  Speed
  0     0    0     0    0     0      0      0 --:--:-- --:--:-- --:--:--     0* Host www.google.com:443 was resolved.
* IPv6: (none)
* IPv4: 142.251.151.119, 142.251.153.119, 142.251.156.119, 142.251.152.119, 142.251.155.119, 142.251.157.119, 142.251.150.119, 142.251.154.119
*   Trying 142.251.151.119:443...
* Connected to www.google.com (142.251.151.119) port 443
* ALPN: curl offers h2,http/1.1
* (304) (OUT), TLS handshake, Client hello (1):
} [319 bytes data]
*  CAfile: /etc/ssl/cert.pem
*  CApath: none
* (304) (IN), TLS handshake, Server hello (2):
{ [122 bytes data]
* (304) (IN), TLS handshake, Unknown (8):
{ [15 bytes data]
* (304) (IN), TLS handshake, Certificate (11):
{ [3814 bytes data]
* (304) (IN), TLS handshake, CERT verify (15):
{ [80 bytes data]
* (304) (IN), TLS handshake, Finished (20):
{ [36 bytes data]
* (304) (OUT), TLS handshake, Finished (20):
} [36 bytes data]
* SSL connection using TLSv1.3 / AEAD-CHACHA20-POLY1305-SHA256 / [blank] / UNDEF
* ALPN: server accepted h2
* Server certificate:
*  subject: CN=www.google.com
*  start date: Apr 20 08:37:23 2026 GMT
*  expire date: Jul 13 08:37:22 2026 GMT
*  subjectAltName: host "www.google.com" matched cert's "www.google.com"
*  issuer: C=US; O=Google Trust Services; CN=WR2
*  SSL certificate verify ok.
* using HTTP/2
* [HTTP/2] [1] OPENED stream for https://www.google.com/
* [HTTP/2] [1] [:method: GET]
* [HTTP/2] [1] [:scheme: https]
* [HTTP/2] [1] [:authority: www.google.com]
* [HTTP/2] [1] [:path: /]
* [HTTP/2] [1] [user-agent: curl/8.7.1]
* [HTTP/2] [1] [accept: */*]
> GET / HTTP/2
> Host: www.google.com
> User-Agent: curl/8.7.1
> Accept: */*
> 
* Request completely sent off
< HTTP/2 200 
< content-type: text/html; charset=ISO-8859-1
< date: Fri, 08 May 2026 09:25:56 GMT
< expires: -1
< cache-control: private, max-age=0
< content-security-policy-report-only: object-src 'none';base-uri 'self';script-src 'nonce-31cCqd7kYvogN36s-0Hpwg' 'strict-dynamic' 'report-sample' 'unsafe-eval' 'unsafe-inline' https: http:;report-uri https://csp.withgoogle.com/csp/gws/other-hp
< accept-ch: Sec-CH-Prefers-Color-Scheme
< p3p: CP="This is not a P3P policy! See g.co/p3phelp for more info."
< server: gws
< x-xss-protection: 0
< x-frame-options: SAMEORIGIN
< set-cookie: __Secure-STRP=AEEP7gJ9fAj3PrH2OFAe6_9Y2Ou4lGh6G2LFjI-i2CsEC1_wsvapTAhzZIw6dzhTkRYOs_sd80yVfugdK_Q9n_iDqfLkEwgBx-Ie; expires=Fri, 08-May-2026 09:30:56 GMT; path=/; domain=.google.com; Secure; SameSite=strict
< set-cookie: AEC=AaJma5uFHfyQGZqHO2DDaXbtYD2gMSzA_A436fI2uVGZxWGh2zAdk2_Ak3w; expires=Wed, 04-Nov-2026 09:25:56 GMT; path=/; domain=.google.com; Secure; HttpOnly; SameSite=lax
< set-cookie: NID=531=YQ1z1M71KUBHe22kBL2ljbt5SCAA0ZidW16cP5MVHx4iMDF5Svkr7Q-PF2mVdskIS96ySoBodgoXjGd0lq740YMJu38MMlmmh7tsL8BxncK3z_7iNDDzNAx2FWx7P7siFBJ5Wk1o4ckSVSLW1wTzFcsbfrqyH_KyMF3sWYnsoVU75eO1wzySCB18ZzXBGGWbc92NnIetrN9WC1whOi7iU-DyNIc-kb0KxAA; expires=Sat, 07-Nov-2026 09:25:56 GMT; path=/; domain=.google.com; HttpOnly
< set-cookie: __Secure-BUCKET=CP8D; expires=Wed, 04-Nov-2026 09:25:56 GMT; path=/; domain=.google.com; Secure; HttpOnly
< alt-svc: h3=":443"; ma=2592000,h3-29=":443"; ma=2592000
< accept-ranges: none
< vary: Accept-Encoding
< 
{ [978 bytes data]
100 82692    0 82692    0     0   153k      0 --:--:-- --:--:-- --:--:--  153k
* Connection #0 to host www.google.com left intact

HTTP_CODE=200
TIME=0.527496
