  % Total    % Received % Xferd  Average Speed   Time    Time     Time  Current
                                 Dload  Upload   Total   Spent    Left  Speed
  0     0    0     0    0     0      0      0 --:--:-- --:--:-- --:--:--     0*   Trying 127.0.0.1:8080...
* Connected to 127.0.0.1 (127.0.0.1) port 8080
* CONNECT tunnel: HTTP/1.1 negotiated
* allocate connect buffer
* Establish HTTP proxy tunnel to mail.google.com:443
> CONNECT mail.google.com:443 HTTP/1.1
> Host: mail.google.com:443
> User-Agent: curl/8.7.1
> Proxy-Connection: Keep-Alive
> 
< HTTP/1.1 200 Connection established
< 
* CONNECT phase completed
* CONNECT tunnel established, response 200
* ALPN: curl offers h2,http/1.1
* (304) (OUT), TLS handshake, Client hello (1):
} [320 bytes data]
*  CAfile: /etc/ssl/cert.pem
*  CApath: none
  0     0    0     0    0     0      0      0 --:--:--  0:00:01 --:--:--     0  0     0    0     0    0     0      0      0 --:--:--  0:00:02 --:--:--     0  0     0    0     0    0     0      0      0 --:--:--  0:00:03 --:--:--     0  0     0    0     0    0     0      0      0 --:--:--  0:00:04 --:--:--     0* LibreSSL SSL_connect: SSL_ERROR_SYSCALL in connection to mail.google.com:443 
  0     0    0     0    0     0      0      0 --:--:--  0:00:04 --:--:--     0
* Closing connection
curl: (35) LibreSSL SSL_connect: SSL_ERROR_SYSCALL in connection to mail.google.com:443 

HTTP_CODE=000
TIME=4.817614
DNS=0.000777
CONNECT=0.000939
APPCONNECT=0.000000
PRETRANSFER=0.000000
STARTTRANSFER=0.000000
