  % Total    % Received % Xferd  Average Speed   Time    Time     Time  Current
                                 Dload  Upload   Total   Spent    Left  Speed
  0     0    0     0    0     0      0      0 --:--:-- --:--:-- --:--:--     0*   Trying 127.0.0.1:8080...
* Connected to 127.0.0.1 (127.0.0.1) port 8080
> GET http://example.com/ HTTP/1.1
> Host: example.com
> User-Agent: curl/8.7.1
> Accept: */*
> Proxy-Connection: Keep-Alive
> 
* Request completely sent off
  0     0    0     0    0     0      0      0 --:--:--  0:00:01 --:--:--     0  0     0    0     0    0     0      0      0 --:--:--  0:00:02 --:--:--     0  0     0    0     0    0     0      0      0 --:--:--  0:00:03 --:--:--     0  0     0    0     0    0     0      0      0 --:--:--  0:00:04 --:--:--     0  0     0    0     0    0     0      0      0 --:--:--  0:00:05 --:--:--     0* HTTP 1.0, assume close after body
< HTTP/1.0 500 writing response to example.com:80: reading HTTP GET: unexpected EOF
< Connection: close
< 
{ [68 bytes data]
100    68    0    68    0     0     12      0 --:--:--  0:00:05 --:--:--    15
* Closing connection

HTTP_CODE=500
TIME=5.502000
DNS=0.000729
CONNECT=0.000880
APPCONNECT=0.000000
PRETRANSFER=0.000933
STARTTRANSFER=5.495663
